// Vitest Snapshot v1, https://vitest.dev/guide/snapshot.html

exports[`BeerAttribute > renders correctly 1`] = `
<div>
  <div
    aria-label="Test"
    class="_attributeContainer_fae872"
  >
    <div
      class="_attributeHeaderContainer_fae872"
    >
      <img
        alt="Alternative text"
        height="32px"
        width="20px"
      />
      <h3
        class="_attributeHeading_fae872"
      >
        Test
      </h3>
    </div>
    <p
      class="_attributeText_fae872"
    >
      5
    </p>
  </div>
</div>
`;
