// Vitest Snapshot v1, https://vitest.dev/guide/snapshot.html

exports[`BeerAttribute > renders correctly 1`] = `
<div>
  <div
    aria-label="Test"
    class="flex flex-col gap-xs"
  >
    <h3
      class="m-0 text-xs font-normal tracking-[0.1em] text-ink-mute uppercase"
    >
      Test
    </h3>
    <p
      class="tnum m-0 font-display text-lg text-ink"
    >
      5
    </p>
  </div>
</div>
`;
