// Vitest Snapshot v1, https://vitest.dev/guide/snapshot.html

exports[`MobileBeerAttribute > renders correctly 1`] = `
<div>
  <div
    class="_mobileContainer_fae872"
  >
    <div>
      <div
        class="_mobileHeaderContainer_fae872"
      >
        <img
          alt="alternative text"
          height="32px"
          width="20px"
        />
        <div
          class="_textContainer_fae872"
        >
          <h3
            class="_mobileHeading_fae872"
          >
            Testdata 1
          </h3>
          <p
            class="_mobileText_fae872"
          >
            1
          </p>
        </div>
      </div>
    </div>
    <div>
      <div
        class="_mobileHeaderContainer_fae872"
      >
        <img
          alt="alternative text"
          height="32px"
          width="20px"
        />
        <div
          class="_textContainer_fae872"
        >
          <h3
            class="_mobileHeading_fae872"
          >
            Testdata 2
          </h3>
          <p
            class="_mobileText_fae872"
          >
            2
          </p>
        </div>
      </div>
    </div>
    <div>
      <div
        class="_mobileHeaderContainer_fae872"
      >
        <img
          alt="alternative text"
          height="32px"
          width="20px"
        />
        <div
          class="_textContainer_fae872"
        >
          <h3
            class="_mobileHeading_fae872"
          >
            Testdata 3
          </h3>
          <p
            class="_mobileText_fae872"
          >
            3
          </p>
        </div>
      </div>
    </div>
  </div>
</div>
`;
