// Vitest Snapshot v1, https://vitest.dev/guide/snapshot.html

exports[`Logo > renders correctly 1`] = `
<div>
  <a
    class="_wrapper_72d84d"
    href="/"
  >
    <img
      alt="BeerBuddy logo"
      class="_icon_72d84d"
      src="/teku.svg"
    />
    <h1
      class="_heading_72d84d"
    >
      BeerBuddy
    </h1>
  </a>
</div>
`;
