// Vitest Snapshot v1, https://vitest.dev/guide/snapshot.html

exports[`Logo > renders correctly 1`] = `
<div>
  <a
    class="flex items-center gap-sm no-underline focus-visible:outline-2 focus-visible:outline-offset-2 focus-visible:outline-accent"
    href="/"
  >
    <img
      alt="BeerBuddy logo"
      class="size-lg"
      src="/teku.svg"
    />
    <h1
      class="m-0 font-display text-lg tracking-[-0.02em] text-ink"
    >
      BeerBuddy
    </h1>
  </a>
</div>
`;
