// Vitest Snapshot v1, https://vitest.dev/guide/snapshot.html

exports[`Sidebar > renders correctly 1`] = `
<div>
  <section
    aria-label="Sidebar"
    class="_container_d1a476"
  >
    <div>
      <a
        class="_wrapper_72d84d"
        href="/"
      >
        <img
          alt="BeerBuddy logo"
          class="_icon_72d84d"
          src="/teku.svg"
        />
        <h1
          class="_heading_72d84d"
        >
          BeerBuddy
        </h1>
      </a>
      <section
        aria-labelledby="_r_7_"
      >
        <div
          class="ant-divider css-dev-only-do-not-override-mncuj7 ant-divider-horizontal"
          role="separator"
        />
        <h2
          id="_r_7_"
        >
          Filters
        </h2>
        <div
          aria-label="Beer styles"
          class="ant-collapse ant-collapse-icon-position-start _collapse_1a0a67 css-dev-only-do-not-override-mncuj7"
        >
          <div
            class="ant-collapse-item"
          >
            <div
              aria-disabled="false"
              aria-expanded="false"
              class="ant-collapse-header"
              role="button"
              tabindex="0"
            >
              <div
                class="ant-collapse-expand-icon"
              >
                <span
                  aria-hidden="true"
                  aria-label="right"
                  class="anticon anticon-right ant-collapse-arrow"
                  role="img"
                >
                  <svg
                    aria-hidden="true"
                    data-icon="right"
                    fill="currentColor"
                    focusable="false"
                    height="1em"
                    viewBox="64 64 896 896"
                    width="1em"
                  >
                    <path
                      d="M765.7 486.8L314.9 134.7A7.97 7.97 0 00302 141v77.3c0 4.9 2.3 9.6 6.1 12.6l360 281.1-360 281.1c-3.9 3-6.1 7.7-6.1 12.6V883c0 6.7 7.7 10.4 12.9 6.3l450.8-352.1a31.96 31.96 0 000-50.4z"
                    />
                  </svg>
                </span>
              </div>
              <span
                class="ant-collapse-header-text"
              >
                <span
                  class="_collapseSpan_1a0a67"
                >
                  Beer styles
                  <span
                    aria-describedby="test-id"
                    aria-hidden="true"
                    aria-label="question-circle"
                    class="anticon anticon-question-circle"
                    role="img"
                  >
                    <svg
                      aria-hidden="true"
                      data-icon="question-circle"
                      fill="currentColor"
                      focusable="false"
                      height="1em"
                      viewBox="64 64 896 896"
                      width="1em"
                    >
                      <path
                        d="M512 64C264.6 64 64 264.6 64 512s200.6 448 448 448 448-200.6 448-448S759.4 64 512 64zm0 820c-205.4 0-372-166.6-372-372s166.6-372 372-372 372 166.6 372 372-166.6 372-372 372z"
                      />
                      <path
                        d="M623.6 316.7C593.6 290.4 554 276 512 276s-81.6 14.5-111.6 40.7C369.2 344 352 380.7 352 420v7.6c0 4.4 3.6 8 8 8h48c4.4 0 8-3.6 8-8V420c0-44.1 43.1-80 96-80s96 35.9 96 80c0 31.1-22 59.6-56.1 72.7-21.2 8.1-39.2 22.3-52.1 40.9-13.1 19-19.9 41.8-19.9 64.9V620c0 4.4 3.6 8 8 8h48c4.4 0 8-3.6 8-8v-22.7a48.3 48.3 0 0130.9-44.8c59-22.7 97.1-74.7 97.1-132.5.1-39.3-17.1-76-48.3-103.3zM472 732a40 40 0 1080 0 40 40 0 10-80 0z"
                      />
                    </svg>
                  </span>
                </span>
              </span>
            </div>
          </div>
        </div>
        <div
          class="ant-collapse ant-collapse-icon-position-start _collapse_1a0a67 css-dev-only-do-not-override-mncuj7"
        >
          <div
            class="ant-collapse-item"
          >
            <div
              aria-disabled="false"
              aria-expanded="false"
              class="ant-collapse-header"
              role="button"
              tabindex="0"
            >
              <div
                class="ant-collapse-expand-icon"
              >
                <span
                  aria-hidden="true"
                  aria-label="right"
                  class="anticon anticon-right ant-collapse-arrow"
                  role="img"
                >
                  <svg
                    aria-hidden="true"
                    data-icon="right"
                    fill="currentColor"
                    focusable="false"
                    height="1em"
                    viewBox="64 64 896 896"
                    width="1em"
                  >
                    <path
                      d="M765.7 486.8L314.9 134.7A7.97 7.97 0 00302 141v77.3c0 4.9 2.3 9.6 6.1 12.6l360 281.1-360 281.1c-3.9 3-6.1 7.7-6.1 12.6V883c0 6.7 7.7 10.4 12.9 6.3l450.8-352.1a31.96 31.96 0 000-50.4z"
                    />
                  </svg>
                </span>
              </div>
              <span
                class="ant-collapse-header-text"
              >
                <span
                  class="_collapseSpan_1a0a67"
                >
                  IBU
                  <span
                    aria-describedby="test-id"
                    aria-hidden="true"
                    aria-label="question-circle"
                    class="anticon anticon-question-circle"
                    role="img"
                  >
                    <svg
                      aria-hidden="true"
                      data-icon="question-circle"
                      fill="currentColor"
                      focusable="false"
                      height="1em"
                      viewBox="64 64 896 896"
                      width="1em"
                    >
                      <path
                        d="M512 64C264.6 64 64 264.6 64 512s200.6 448 448 448 448-200.6 448-448S759.4 64 512 64zm0 820c-205.4 0-372-166.6-372-372s166.6-372 372-372 372 166.6 372 372-166.6 372-372 372z"
                      />
                      <path
                        d="M623.6 316.7C593.6 290.4 554 276 512 276s-81.6 14.5-111.6 40.7C369.2 344 352 380.7 352 420v7.6c0 4.4 3.6 8 8 8h48c4.4 0 8-3.6 8-8V420c0-44.1 43.1-80 96-80s96 35.9 96 80c0 31.1-22 59.6-56.1 72.7-21.2 8.1-39.2 22.3-52.1 40.9-13.1 19-19.9 41.8-19.9 64.9V620c0 4.4 3.6 8 8 8h48c4.4 0 8-3.6 8-8v-22.7a48.3 48.3 0 0130.9-44.8c59-22.7 97.1-74.7 97.1-132.5.1-39.3-17.1-76-48.3-103.3zM472 732a40 40 0 1080 0 40 40 0 10-80 0z"
                      />
                    </svg>
                  </span>
                </span>
              </span>
            </div>
          </div>
        </div>
        <div
          class="ant-collapse ant-collapse-icon-position-start _collapse_1a0a67 css-dev-only-do-not-override-mncuj7"
        >
          <div
            class="ant-collapse-item"
          >
            <div
              aria-disabled="false"
              aria-expanded="false"
              class="ant-collapse-header"
              role="button"
              tabindex="0"
            >
              <div
                class="ant-collapse-expand-icon"
              >
                <span
                  aria-hidden="true"
                  aria-label="right"
                  class="anticon anticon-right ant-collapse-arrow"
                  role="img"
                >
                  <svg
                    aria-hidden="true"
                    data-icon="right"
                    fill="currentColor"
                    focusable="false"
                    height="1em"
                    viewBox="64 64 896 896"
                    width="1em"
                  >
                    <path
                      d="M765.7 486.8L314.9 134.7A7.97 7.97 0 00302 141v77.3c0 4.9 2.3 9.6 6.1 12.6l360 281.1-360 281.1c-3.9 3-6.1 7.7-6.1 12.6V883c0 6.7 7.7 10.4 12.9 6.3l450.8-352.1a31.96 31.96 0 000-50.4z"
                    />
                  </svg>
                </span>
              </div>
              <span
                class="ant-collapse-header-text"
              >
                <span
                  class="_collapseSpan_1a0a67"
                >
                  ABV
                  <span
                    aria-describedby="test-id"
                    aria-hidden="true"
                    aria-label="question-circle"
                    class="anticon anticon-question-circle"
                    role="img"
                  >
                    <svg
                      aria-hidden="true"
                      data-icon="question-circle"
                      fill="currentColor"
                      focusable="false"
                      height="1em"
                      viewBox="64 64 896 896"
                      width="1em"
                    >
                      <path
                        d="M512 64C264.6 64 64 264.6 64 512s200.6 448 448 448 448-200.6 448-448S759.4 64 512 64zm0 820c-205.4 0-372-166.6-372-372s166.6-372 372-372 372 166.6 372 372-166.6 372-372 372z"
                      />
                      <path
                        d="M623.6 316.7C593.6 290.4 554 276 512 276s-81.6 14.5-111.6 40.7C369.2 344 352 380.7 352 420v7.6c0 4.4 3.6 8 8 8h48c4.4 0 8-3.6 8-8V420c0-44.1 43.1-80 96-80s96 35.9 96 80c0 31.1-22 59.6-56.1 72.7-21.2 8.1-39.2 22.3-52.1 40.9-13.1 19-19.9 41.8-19.9 64.9V620c0 4.4 3.6 8 8 8h48c4.4 0 8-3.6 8-8v-22.7a48.3 48.3 0 0130.9-44.8c59-22.7 97.1-74.7 97.1-132.5.1-39.3-17.1-76-48.3-103.3zM472 732a40 40 0 1080 0 40 40 0 10-80 0z"
                      />
                    </svg>
                  </span>
                </span>
              </span>
            </div>
          </div>
        </div>
        <button
          class="ant-btn css-dev-only-do-not-override-mncuj7 ant-btn-primary ant-btn-color-primary ant-btn-variant-solid _buttons_1a0a67"
          type="button"
        >
          <span>
            Apply Filters
          </span>
        </button>
        <button
          class="ant-btn css-dev-only-do-not-override-mncuj7 ant-btn-default ant-btn-color-default ant-btn-variant-outlined _buttons_1a0a67"
          type="button"
        >
          <span
            class="ant-btn-icon"
          >
            <span
              aria-label="rollback"
              class="anticon anticon-rollback"
              role="img"
            >
              <svg
                aria-hidden="true"
                data-icon="rollback"
                fill="currentColor"
                focusable="false"
                height="1em"
                viewBox="64 64 896 896"
                width="1em"
              >
                <path
                  d="M793 242H366v-74c0-6.7-7.7-10.4-12.9-6.3l-142 112a8 8 0 000 12.6l142 112c5.2 4.1 12.9.4 12.9-6.3v-74h415v470H175c-4.4 0-8 3.6-8 8v60c0 4.4 3.6 8 8 8h618c35.3 0 64-28.7 64-64V306c0-35.3-28.7-64-64-64z"
                />
              </svg>
            </span>
          </span>
          <span>
            Reset Filters
          </span>
        </button>
      </section>
      <p>
        Test
      </p>
    </div>
  </section>
</div>
`;
