// Vitest Snapshot v1, https://vitest.dev/guide/snapshot.html

exports[`Sidebar > renders correctly 1`] = `
<div>
  <section
    aria-label="Sidebar"
    class="hidden h-screen w-[18rem] shrink-0 overflow-y-auto border-r border-rule px-lg py-xl tablet:block"
  >
    <div
      class="flex flex-col gap-xl"
    >
      <a
        class="flex items-center gap-sm no-underline focus-visible:outline-2 focus-visible:outline-offset-2 focus-visible:outline-accent"
        href="/"
      >
        <img
          alt="BeerBuddy logo"
          class="size-lg"
          src="/teku.svg"
        />
        <h1
          class="m-0 font-display text-lg tracking-[-0.02em] text-ink"
        >
          BeerBuddy
        </h1>
      </a>
      <section
        aria-labelledby="_r_1_"
        class="flex flex-col gap-md"
      >
        <h2
          class="m-0 text-xs tracking-[0.1em] text-ink-mute uppercase"
          id="_r_1_"
        >
          Filters
        </h2>
        <details
          class="group border-b border-rule py-md"
          open=""
        >
          <summary
            class="flex cursor-pointer list-none items-center justify-between gap-sm text-base text-ink marker:content-none focus-visible:outline-2 focus-visible:outline-offset-2 focus-visible:outline-accent"
          >
            Beer styles
            <span
              aria-hidden="true"
              class="text-ink-mute transition-transform group-open:rotate-90"
            >
              ›
            </span>
          </summary>
          <p
            class="mt-xs mb-md text-xs text-ink-mute"
          >
            Filter on certain styles of beer.
          </p>
          <div
            class="flex flex-col gap-sm"
          >
            <label
              class="flex cursor-pointer items-center gap-sm text-base text-ink"
            >
              <input
                class="size-md shrink-0 cursor-pointer appearance-none rounded-none border border-rule-strong bg-transparent transition-colors checked:border-accent checked:bg-accent focus-visible:outline-2 focus-visible:outline-offset-2 focus-visible:outline-accent relative after:absolute after:top-[2px] after:left-[5px] after:hidden after:h-[8px] after:w-[4px] after:rotate-45 after:border-r-2 after:border-b-2 after:border-ground after:content-[''] checked:after:block"
                name="styles"
                type="checkbox"
                value="American IPA"
              />
              American IPA
            </label>
            <label
              class="flex cursor-pointer items-center gap-sm text-base text-ink"
            >
              <input
                class="size-md shrink-0 cursor-pointer appearance-none rounded-none border border-rule-strong bg-transparent transition-colors checked:border-accent checked:bg-accent focus-visible:outline-2 focus-visible:outline-offset-2 focus-visible:outline-accent relative after:absolute after:top-[2px] after:left-[5px] after:hidden after:h-[8px] after:w-[4px] after:rotate-45 after:border-r-2 after:border-b-2 after:border-ground after:content-[''] checked:after:block"
                name="styles"
                type="checkbox"
                value="American Pale Ale (APA)"
              />
              American Pale Ale (APA)
            </label>
            <label
              class="flex cursor-pointer items-center gap-sm text-base text-ink"
            >
              <input
                class="size-md shrink-0 cursor-pointer appearance-none rounded-none border border-rule-strong bg-transparent transition-colors checked:border-accent checked:bg-accent focus-visible:outline-2 focus-visible:outline-offset-2 focus-visible:outline-accent relative after:absolute after:top-[2px] after:left-[5px] after:hidden after:h-[8px] after:w-[4px] after:rotate-45 after:border-r-2 after:border-b-2 after:border-ground after:content-[''] checked:after:block"
                name="styles"
                type="checkbox"
                value="American Amber / Red Ale"
              />
              American Amber / Red Ale
            </label>
            <label
              class="flex cursor-pointer items-center gap-sm text-base text-ink"
            >
              <input
                class="size-md shrink-0 cursor-pointer appearance-none rounded-none border border-rule-strong bg-transparent transition-colors checked:border-accent checked:bg-accent focus-visible:outline-2 focus-visible:outline-offset-2 focus-visible:outline-accent relative after:absolute after:top-[2px] after:left-[5px] after:hidden after:h-[8px] after:w-[4px] after:rotate-45 after:border-r-2 after:border-b-2 after:border-ground after:content-[''] checked:after:block"
                name="styles"
                type="checkbox"
                value="American Blonde Ale"
              />
              American Blonde Ale
            </label>
            <label
              class="flex cursor-pointer items-center gap-sm text-base text-ink"
            >
              <input
                class="size-md shrink-0 cursor-pointer appearance-none rounded-none border border-rule-strong bg-transparent transition-colors checked:border-accent checked:bg-accent focus-visible:outline-2 focus-visible:outline-offset-2 focus-visible:outline-accent relative after:absolute after:top-[2px] after:left-[5px] after:hidden after:h-[8px] after:w-[4px] after:rotate-45 after:border-r-2 after:border-b-2 after:border-ground after:content-[''] checked:after:block"
                name="styles"
                type="checkbox"
                value="American Double / Imperial IPA"
              />
              American Double / Imperial IPA
            </label>
            <label
              class="flex cursor-pointer items-center gap-sm text-base text-ink"
            >
              <input
                class="size-md shrink-0 cursor-pointer appearance-none rounded-none border border-rule-strong bg-transparent transition-colors checked:border-accent checked:bg-accent focus-visible:outline-2 focus-visible:outline-offset-2 focus-visible:outline-accent relative after:absolute after:top-[2px] after:left-[5px] after:hidden after:h-[8px] after:w-[4px] after:rotate-45 after:border-r-2 after:border-b-2 after:border-ground after:content-[''] checked:after:block"
                name="styles"
                type="checkbox"
                value="American Pale Wheat Ale"
              />
              American Pale Wheat Ale
            </label>
            <label
              class="flex cursor-pointer items-center gap-sm text-base text-ink"
            >
              <input
                class="size-md shrink-0 cursor-pointer appearance-none rounded-none border border-rule-strong bg-transparent transition-colors checked:border-accent checked:bg-accent focus-visible:outline-2 focus-visible:outline-offset-2 focus-visible:outline-accent relative after:absolute after:top-[2px] after:left-[5px] after:hidden after:h-[8px] after:w-[4px] after:rotate-45 after:border-r-2 after:border-b-2 after:border-ground after:content-[''] checked:after:block"
                name="styles"
                type="checkbox"
                value="American Brown Ale"
              />
              American Brown Ale
            </label>
            <label
              class="flex cursor-pointer items-center gap-sm text-base text-ink"
            >
              <input
                class="size-md shrink-0 cursor-pointer appearance-none rounded-none border border-rule-strong bg-transparent transition-colors checked:border-accent checked:bg-accent focus-visible:outline-2 focus-visible:outline-offset-2 focus-visible:outline-accent relative after:absolute after:top-[2px] after:left-[5px] after:hidden after:h-[8px] after:w-[4px] after:rotate-45 after:border-r-2 after:border-b-2 after:border-ground after:content-[''] checked:after:block"
                name="styles"
                type="checkbox"
                value="American Porter"
              />
              American Porter
            </label>
            <label
              class="flex cursor-pointer items-center gap-sm text-base text-ink"
            >
              <input
                class="size-md shrink-0 cursor-pointer appearance-none rounded-none border border-rule-strong bg-transparent transition-colors checked:border-accent checked:bg-accent focus-visible:outline-2 focus-visible:outline-offset-2 focus-visible:outline-accent relative after:absolute after:top-[2px] after:left-[5px] after:hidden after:h-[8px] after:w-[4px] after:rotate-45 after:border-r-2 after:border-b-2 after:border-ground after:content-[''] checked:after:block"
                name="styles"
                type="checkbox"
                value="Saison / Farmhouse Ale"
              />
              Saison / Farmhouse Ale
            </label>
            <label
              class="flex cursor-pointer items-center gap-sm text-base text-ink"
            >
              <input
                class="size-md shrink-0 cursor-pointer appearance-none rounded-none border border-rule-strong bg-transparent transition-colors checked:border-accent checked:bg-accent focus-visible:outline-2 focus-visible:outline-offset-2 focus-visible:outline-accent relative after:absolute after:top-[2px] after:left-[5px] after:hidden after:h-[8px] after:w-[4px] after:rotate-45 after:border-r-2 after:border-b-2 after:border-ground after:content-[''] checked:after:block"
                name="styles"
                type="checkbox"
                value="Witbier"
              />
              Witbier
            </label>
            <label
              class="flex cursor-pointer items-center gap-sm text-base text-ink"
            >
              <input
                class="size-md shrink-0 cursor-pointer appearance-none rounded-none border border-rule-strong bg-transparent transition-colors checked:border-accent checked:bg-accent focus-visible:outline-2 focus-visible:outline-offset-2 focus-visible:outline-accent relative after:absolute after:top-[2px] after:left-[5px] after:hidden after:h-[8px] after:w-[4px] after:rotate-45 after:border-r-2 after:border-b-2 after:border-ground after:content-[''] checked:after:block"
                name="styles"
                type="checkbox"
                value="Fruit / Vegetable Beer"
              />
              Fruit / Vegetable Beer
            </label>
            <label
              class="flex cursor-pointer items-center gap-sm text-base text-ink"
            >
              <input
                class="size-md shrink-0 cursor-pointer appearance-none rounded-none border border-rule-strong bg-transparent transition-colors checked:border-accent checked:bg-accent focus-visible:outline-2 focus-visible:outline-offset-2 focus-visible:outline-accent relative after:absolute after:top-[2px] after:left-[5px] after:hidden after:h-[8px] after:w-[4px] after:rotate-45 after:border-r-2 after:border-b-2 after:border-ground after:content-[''] checked:after:block"
                name="styles"
                type="checkbox"
                value="Kölsch"
              />
              Kölsch
            </label>
            <label
              class="flex cursor-pointer items-center gap-sm text-base text-ink"
            >
              <input
                class="size-md shrink-0 cursor-pointer appearance-none rounded-none border border-rule-strong bg-transparent transition-colors checked:border-accent checked:bg-accent focus-visible:outline-2 focus-visible:outline-offset-2 focus-visible:outline-accent relative after:absolute after:top-[2px] after:left-[5px] after:hidden after:h-[8px] after:w-[4px] after:rotate-45 after:border-r-2 after:border-b-2 after:border-ground after:content-[''] checked:after:block"
                name="styles"
                type="checkbox"
                value="Hefeweizen"
              />
              Hefeweizen
            </label>
            <label
              class="flex cursor-pointer items-center gap-sm text-base text-ink"
            >
              <input
                class="size-md shrink-0 cursor-pointer appearance-none rounded-none border border-rule-strong bg-transparent transition-colors checked:border-accent checked:bg-accent focus-visible:outline-2 focus-visible:outline-offset-2 focus-visible:outline-accent relative after:absolute after:top-[2px] after:left-[5px] after:hidden after:h-[8px] after:w-[4px] after:rotate-45 after:border-r-2 after:border-b-2 after:border-ground after:content-[''] checked:after:block"
                name="styles"
                type="checkbox"
                value="American Pale Lager"
              />
              American Pale Lager
            </label>
            <label
              class="flex cursor-pointer items-center gap-sm text-base text-ink"
            >
              <input
                class="size-md shrink-0 cursor-pointer appearance-none rounded-none border border-rule-strong bg-transparent transition-colors checked:border-accent checked:bg-accent focus-visible:outline-2 focus-visible:outline-offset-2 focus-visible:outline-accent relative after:absolute after:top-[2px] after:left-[5px] after:hidden after:h-[8px] after:w-[4px] after:rotate-45 after:border-r-2 after:border-b-2 after:border-ground after:content-[''] checked:after:block"
                name="styles"
                type="checkbox"
                value="American Stout"
              />
              American Stout
            </label>
            <label
              class="flex cursor-pointer items-center gap-sm text-base text-ink"
            >
              <input
                class="size-md shrink-0 cursor-pointer appearance-none rounded-none border border-rule-strong bg-transparent transition-colors checked:border-accent checked:bg-accent focus-visible:outline-2 focus-visible:outline-offset-2 focus-visible:outline-accent relative after:absolute after:top-[2px] after:left-[5px] after:hidden after:h-[8px] after:w-[4px] after:rotate-45 after:border-r-2 after:border-b-2 after:border-ground after:content-[''] checked:after:block"
                name="styles"
                type="checkbox"
                value="Other"
              />
              Other
            </label>
          </div>
        </details>
        <details
          class="group border-b border-rule py-md"
          open=""
        >
          <summary
            class="flex cursor-pointer list-none items-center justify-between gap-sm text-base text-ink marker:content-none focus-visible:outline-2 focus-visible:outline-offset-2 focus-visible:outline-accent"
          >
            IBU
            <span
              aria-hidden="true"
              class="text-ink-mute transition-transform group-open:rotate-90"
            >
              ›
            </span>
          </summary>
          <p
            class="mt-xs mb-md text-xs text-ink-mute"
          >
            Filter on the bitterness of the beer.
          </p>
          <div
            class="flex flex-col gap-sm"
          >
            <span
              aria-disabled="false"
              aria-label="IBU range"
              class="relative flex w-full touch-none items-center select-none data-[disabled]:opacity-50"
              data-orientation="horizontal"
              data-slot="slider"
              dir="ltr"
              style="--radix-slider-thumb-transform: translateX(-50%);"
            >
              <span
                class="relative h-px w-full grow bg-rule-strong"
                data-orientation="horizontal"
                data-slot="slider-track"
              >
                <span
                  class="absolute h-px bg-accent"
                  data-orientation="horizontal"
                  data-slot="slider-range"
                  style="left: 0%; right: 0%;"
                />
              </span>
              <span
                style="transform: var(--radix-slider-thumb-transform); position: absolute; left: calc(0% + 0px);"
              >
                <span
                  aria-label="Minimum"
                  aria-orientation="horizontal"
                  aria-valuemax="138"
                  aria-valuemin="0"
                  aria-valuenow="0"
                  class="block size-sm shrink-0 cursor-grab bg-accent transition-colors outline-none focus-visible:outline-2 focus-visible:outline-offset-2 focus-visible:outline-accent active:cursor-grabbing disabled:pointer-events-none"
                  data-orientation="horizontal"
                  data-radix-collection-item=""
                  data-slot="slider-thumb"
                  role="slider"
                  style=""
                  tabindex="0"
                />
              </span>
              <span
                style="transform: var(--radix-slider-thumb-transform); position: absolute; left: calc(100% + 0px);"
              >
                <span
                  aria-label="Maximum"
                  aria-orientation="horizontal"
                  aria-valuemax="138"
                  aria-valuemin="0"
                  aria-valuenow="138"
                  class="block size-sm shrink-0 cursor-grab bg-accent transition-colors outline-none focus-visible:outline-2 focus-visible:outline-offset-2 focus-visible:outline-accent active:cursor-grabbing disabled:pointer-events-none"
                  data-orientation="horizontal"
                  data-radix-collection-item=""
                  data-slot="slider-thumb"
                  role="slider"
                  style=""
                  tabindex="0"
                />
              </span>
            </span>
            <p
              class="tnum m-0 text-xs text-ink-mute"
            >
              0
               – 
              138
            </p>
          </div>
        </details>
        <details
          class="group border-b border-rule py-md"
          open=""
        >
          <summary
            class="flex cursor-pointer list-none items-center justify-between gap-sm text-base text-ink marker:content-none focus-visible:outline-2 focus-visible:outline-offset-2 focus-visible:outline-accent"
          >
            ABV
            <span
              aria-hidden="true"
              class="text-ink-mute transition-transform group-open:rotate-90"
            >
              ›
            </span>
          </summary>
          <p
            class="mt-xs mb-md text-xs text-ink-mute"
          >
            Filter on the alcohol percentage of the beer.
          </p>
          <div
            class="flex flex-col gap-sm"
          >
            <span
              aria-disabled="false"
              aria-label="ABV range"
              class="relative flex w-full touch-none items-center select-none data-[disabled]:opacity-50"
              data-orientation="horizontal"
              data-slot="slider"
              dir="ltr"
              style="--radix-slider-thumb-transform: translateX(-50%);"
            >
              <span
                class="relative h-px w-full grow bg-rule-strong"
                data-orientation="horizontal"
                data-slot="slider-track"
              >
                <span
                  class="absolute h-px bg-accent"
                  data-orientation="horizontal"
                  data-slot="slider-range"
                  style="left: 0%; right: 0%;"
                />
              </span>
              <span
                style="transform: var(--radix-slider-thumb-transform); position: absolute; left: calc(0% + 0px);"
              >
                <span
                  aria-label="Minimum"
                  aria-orientation="horizontal"
                  aria-valuemax="13"
                  aria-valuemin="0"
                  aria-valuenow="0"
                  class="block size-sm shrink-0 cursor-grab bg-accent transition-colors outline-none focus-visible:outline-2 focus-visible:outline-offset-2 focus-visible:outline-accent active:cursor-grabbing disabled:pointer-events-none"
                  data-orientation="horizontal"
                  data-radix-collection-item=""
                  data-slot="slider-thumb"
                  role="slider"
                  style=""
                  tabindex="0"
                />
              </span>
              <span
                style="transform: var(--radix-slider-thumb-transform); position: absolute; left: calc(100% + 0px);"
              >
                <span
                  aria-label="Maximum"
                  aria-orientation="horizontal"
                  aria-valuemax="13"
                  aria-valuemin="0"
                  aria-valuenow="13"
                  class="block size-sm shrink-0 cursor-grab bg-accent transition-colors outline-none focus-visible:outline-2 focus-visible:outline-offset-2 focus-visible:outline-accent active:cursor-grabbing disabled:pointer-events-none"
                  data-orientation="horizontal"
                  data-radix-collection-item=""
                  data-slot="slider-thumb"
                  role="slider"
                  style=""
                  tabindex="0"
                />
              </span>
            </span>
            <p
              class="tnum m-0 text-xs text-ink-mute"
            >
              0
              %
               – 
              13
              %
            </p>
          </div>
        </details>
        <div
          class="flex flex-wrap gap-sm"
        >
          <button
            class="inline-flex shrink-0 cursor-pointer items-center justify-center gap-sm rounded-none font-sans whitespace-nowrap transition-colors outline-none focus-visible:outline-2 focus-visible:outline-offset-2 focus-visible:outline-accent disabled:pointer-events-none disabled:opacity-50 [&_svg]:pointer-events-none [&_svg]:shrink-0 bg-accent text-ground hover:bg-ink h-xl px-md text-base"
            data-slot="button"
          >
            Apply Filters
          </button>
          <button
            class="inline-flex shrink-0 cursor-pointer items-center justify-center gap-sm rounded-none font-sans whitespace-nowrap transition-colors outline-none focus-visible:outline-2 focus-visible:outline-offset-2 focus-visible:outline-accent disabled:pointer-events-none disabled:opacity-50 [&_svg]:pointer-events-none [&_svg]:shrink-0 text-ink-mute hover:text-ink h-xl px-md text-base"
            data-slot="button"
          >
            <svg
              aria-hidden="true"
              class="lucide lucide-rotate-ccw size-md"
              fill="none"
              height="24"
              stroke="currentColor"
              stroke-linecap="round"
              stroke-linejoin="round"
              stroke-width="2"
              viewBox="0 0 24 24"
              width="24"
              xmlns="http://www.w3.org/2000/svg"
            >
              <path
                d="M3 12a9 9 0 1 0 9-9 9.75 9.75 0 0 0-6.74 2.74L3 8"
              />
              <path
                d="M3 3v5h5"
              />
            </svg>
            Reset
          </button>
        </div>
      </section>
      <p>
        Test
      </p>
    </div>
  </section>
</div>
`;
