// Vitest Snapshot v1, https://vitest.dev/guide/snapshot.html

exports[`CommentBar > should match snapshot 1`] = `
<div>
  <div
    class="_wrapper_b20f29"
  >
    <div
      class="_divider_b20f29"
    />
    <section
      aria-label="Post a comment"
      class="_container_b20f29"
    >
      <div
        class="_labelContainer_b20f29"
      >
        <label
          for="_r_0_"
        >
          Comment
        </label>
        <input
          class="ant-input css-dev-only-do-not-override-mncuj7 ant-input-outlined _inputField_b20f29"
          id="_r_0_"
          placeholder="Best beer ever!"
          type="text"
          value=""
        />
      </div>
      <button
        class="ant-btn css-dev-only-do-not-override-mncuj7 ant-btn-primary ant-btn-color-primary ant-btn-variant-solid _submitButton_b20f29"
        type="button"
      >
        <span>
          Comment
        </span>
      </button>
    </section>
  </div>
</div>
`;
