// Vitest Snapshot v1, https://vitest.dev/guide/snapshot.html

exports[`Actionbar > renders correctly 1`] = `
<div>
  <section
    aria-label="Search for and sort beers"
    class="flex flex-wrap items-end gap-lg"
  >
    <form
      class="flex min-w-[12rem] flex-1 flex-col gap-xs"
      role="search"
    >
      <label
        class="text-xs tracking-[0.1em] text-ink-mute uppercase"
        for="beer-search"
      >
        Search
      </label>
      <div
        class="flex items-center gap-sm"
      >
        <input
          class="h-xl w-full min-w-0 rounded-none border-0 border-b border-rule-strong bg-transparent px-0 py-sm font-sans text-base text-ink transition-colors placeholder:text-ink-mute outline-none focus-visible:border-accent disabled:pointer-events-none disabled:opacity-50 aria-invalid:border-accent aria-invalid:border-b-2"
          data-slot="input"
          id="beer-search"
          name="search"
          type="search"
        />
        <button
          aria-label="Search"
          class="cursor-pointer border-0 bg-transparent p-0 text-ink-mute transition-colors hover:text-ink focus-visible:outline-2 focus-visible:outline-offset-2 focus-visible:outline-accent"
          type="submit"
        >
          <svg
            aria-hidden="true"
            class="lucide lucide-search size-md"
            fill="none"
            height="24"
            stroke="currentColor"
            stroke-linecap="round"
            stroke-linejoin="round"
            stroke-width="2"
            viewBox="0 0 24 24"
            width="24"
            xmlns="http://www.w3.org/2000/svg"
          >
            <path
              d="m21 21-4.34-4.34"
            />
            <circle
              cx="11"
              cy="11"
              r="8"
            />
          </svg>
        </button>
      </div>
    </form>
    <div
      class="flex flex-col gap-xs"
    >
      <span
        class="text-xs tracking-[0.1em] text-ink-mute uppercase"
        id="sort-label"
      >
        Sort by
      </span>
      <div
        class="relative inline-flex items-center"
      >
        <select
          aria-label="Sort by"
          class="h-xl w-full cursor-pointer appearance-none rounded-none border-0 border-b border-rule-strong bg-transparent py-sm pr-lg pl-0 font-sans text-base text-ink transition-colors outline-none focus-visible:border-accent"
        >
          <option
            value="top"
          >
            Most popular
          </option>
          <option
            value="low"
          >
            Least popular
          </option>
          <option
            value="atoz"
          >
            A-Z
          </option>
          <option
            value="ztoa"
          >
            Z-A
          </option>
        </select>
        <svg
          aria-hidden="true"
          class="lucide lucide-chevron-down pointer-events-none absolute right-0 size-md text-ink-mute"
          fill="none"
          height="24"
          stroke="currentColor"
          stroke-linecap="round"
          stroke-linejoin="round"
          stroke-width="2"
          viewBox="0 0 24 24"
          width="24"
          xmlns="http://www.w3.org/2000/svg"
        >
          <path
            d="m6 9 6 6 6-6"
          />
        </svg>
      </div>
    </div>
    <div
      class="tablet:hidden"
    >
      <button
        aria-expanded="false"
        aria-label="Filters"
        class="inline-flex shrink-0 cursor-pointer items-center justify-center gap-sm rounded-none font-sans whitespace-nowrap transition-colors outline-none focus-visible:outline-2 focus-visible:outline-offset-2 focus-visible:outline-accent disabled:pointer-events-none disabled:opacity-50 [&_svg]:pointer-events-none [&_svg]:shrink-0 border border-rule-strong text-ink hover:border-ink size-xl"
        data-slot="button"
      >
        <svg
          aria-hidden="true"
          class="lucide lucide-sliders-horizontal size-md"
          fill="none"
          height="24"
          stroke="currentColor"
          stroke-linecap="round"
          stroke-linejoin="round"
          stroke-width="2"
          viewBox="0 0 24 24"
          width="24"
          xmlns="http://www.w3.org/2000/svg"
        >
          <path
            d="M10 5H3"
          />
          <path
            d="M12 19H3"
          />
          <path
            d="M14 3v4"
          />
          <path
            d="M16 17v4"
          />
          <path
            d="M21 12h-9"
          />
          <path
            d="M21 19h-5"
          />
          <path
            d="M21 5h-7"
          />
          <path
            d="M8 10v4"
          />
          <path
            d="M8 12H3"
          />
        </svg>
      </button>
      <dialog
        aria-label="Filters"
        class="relative m-auto max-h-[85vh] w-full max-w-[42rem] overflow-y-auto rounded-none border border-rule-strong bg-ground p-lg text-ink backdrop:bg-ink/40"
      />
    </div>
  </section>
</div>
`;
