// Vitest Snapshot v1, https://vitest.dev/guide/snapshot.html

exports[`BeerCard > renders correctly 1`] = `
<div>
  <a
    aria-label="Example beer"
    class="group flex items-center justify-between gap-md border-b border-rule py-md transition-colors hover:border-rule-strong focus-visible:outline-2 focus-visible:outline-offset-2 focus-visible:outline-accent"
    href="./beer/2"
  >
    <div
      class="flex flex-col gap-xs"
    >
      <h2
        class="m-0 font-display text-lg leading-tight text-ink transition-colors group-hover:text-accent"
      >
        Example beer
      </h2>
      <p
        class="m-0 text-xs text-ink-mute"
      >
        Example brewery
      </p>
    </div>
    <div
      class="flex shrink-0 items-center gap-sm"
    >
      <button
        aria-label="Upvote this beer"
        aria-pressed="false"
        class="inline-flex shrink-0 cursor-pointer items-center justify-center gap-sm rounded-none font-sans whitespace-nowrap transition-colors outline-none focus-visible:outline-2 focus-visible:outline-offset-2 focus-visible:outline-accent disabled:pointer-events-none disabled:opacity-50 [&_svg]:pointer-events-none [&_svg]:shrink-0 text-ink-mute hover:text-ink size-xl"
        data-slot="button"
      >
        <svg
          aria-hidden="true"
          class="lucide lucide-chevron-up size-md"
          fill="none"
          height="24"
          stroke="currentColor"
          stroke-linecap="round"
          stroke-linejoin="round"
          stroke-width="2"
          viewBox="0 0 24 24"
          width="24"
          xmlns="http://www.w3.org/2000/svg"
        >
          <path
            d="m18 15-6-6-6 6"
          />
        </svg>
      </button>
      <span
        aria-label="Total score"
        class="tnum min-w-xl text-center font-display text-lg text-ink"
      >
        10
      </span>
      <button
        aria-label="Downvote this beer"
        aria-pressed="false"
        class="inline-flex shrink-0 cursor-pointer items-center justify-center gap-sm rounded-none font-sans whitespace-nowrap transition-colors outline-none focus-visible:outline-2 focus-visible:outline-offset-2 focus-visible:outline-accent disabled:pointer-events-none disabled:opacity-50 [&_svg]:pointer-events-none [&_svg]:shrink-0 text-ink-mute hover:text-ink size-xl"
        data-slot="button"
      >
        <svg
          aria-hidden="true"
          class="lucide lucide-chevron-down size-md"
          fill="none"
          height="24"
          stroke="currentColor"
          stroke-linecap="round"
          stroke-linejoin="round"
          stroke-width="2"
          viewBox="0 0 24 24"
          width="24"
          xmlns="http://www.w3.org/2000/svg"
        >
          <path
            d="m6 9 6 6 6-6"
          />
        </svg>
      </button>
    </div>
  </a>
</div>
`;
