// Vitest Snapshot v1, https://vitest.dev/guide/snapshot.html

exports[`LoginFormMobile > matches snapshot 1`] = `
<div>
  <main
    class="flex min-h-screen flex-col gap-xl bg-ground px-md py-xl text-ink"
  >
    <header
      class="border-b border-rule pb-md"
    >
      <a
        class="flex items-center gap-sm no-underline focus-visible:outline-2 focus-visible:outline-offset-2 focus-visible:outline-accent"
        href="/"
      >
        <img
          alt="BeerBuddy logo"
          class="size-lg"
          src="/teku.svg"
        />
        <h1
          class="m-0 font-display text-lg tracking-[-0.02em] text-ink"
        >
          BeerBuddy
        </h1>
      </a>
    </header>
    <section
      aria-label="Login form"
      class="flex flex-col gap-lg"
    >
      <h1
        class="m-0 font-display text-xl text-ink"
      >
        Log in
      </h1>
      <form
        autocomplete="off"
        class="flex flex-col gap-lg"
      >
        <div
          class="flex flex-col gap-xs"
        >
          <label
            class="text-xs tracking-[0.1em] text-ink-mute uppercase"
            for="username-mobile"
          >
            Username
          </label>
          <input
            class="h-xl w-full min-w-0 rounded-none border-0 border-b border-rule-strong bg-transparent px-0 py-sm font-sans text-base text-ink transition-colors placeholder:text-ink-mute outline-none focus-visible:border-accent disabled:pointer-events-none disabled:opacity-50 aria-invalid:border-accent aria-invalid:border-b-2"
            data-slot="input"
            id="username-mobile"
            name="username"
            required=""
          />
        </div>
        <button
          class="inline-flex shrink-0 cursor-pointer items-center justify-center gap-sm rounded-none font-sans whitespace-nowrap transition-colors outline-none focus-visible:outline-2 focus-visible:outline-offset-2 focus-visible:outline-accent disabled:pointer-events-none disabled:opacity-50 [&_svg]:pointer-events-none [&_svg]:shrink-0 bg-accent text-ground hover:bg-ink h-xl px-md text-base"
          data-slot="button"
          type="submit"
        >
          Submit
        </button>
      </form>
    </section>
  </main>
</div>
`;
