// Vitest Snapshot v1, https://vitest.dev/guide/snapshot.html

exports[`LoginFormDesktop > matches snapshot 1`] = `
<div>
  <main
    class="_container_7d645a"
  >
    <header
      class="_logoContainer_7d645a"
    >
      <a
        class="_wrapper_72d84d"
        href="/"
      >
        <img
          alt="BeerBuddy logo"
          class="_icon_72d84d"
          src="/teku.svg"
        />
        <h1
          class="_heading_72d84d"
        >
          BeerBuddy
        </h1>
      </a>
    </header>
    <div
      class="_loginContainer_7d645a"
    >
      <section
        class="_loginText_7d645a"
      >
        <h2>
          Taste, Rate, Repeat -
          <br />
           
          The craft beer journey
        </h2>
        <p>
          Join the RateMyBrew community to unlock exclusive
          <br />
          features and be part of a global craft beer conversation.
        </p>
      </section>
      <section
        aria-label="Login form"
        class="_loginFormContainer_7d645a"
      >
        <div
          class="ant-card ant-card-bordered css-dev-only-do-not-override-mncuj7"
          style="height: 100%; background-color: rgb(230, 244, 255);"
        >
          <div
            class="ant-card-body"
            style="height: 100%;"
          >
            <h1>
              Log in
            </h1>
            <form
              autocomplete="off"
              class="ant-form ant-form-vertical css-dev-only-do-not-override-mncuj7 _loginForm_7d645a"
              id="basic"
            >
              <div
                class="ant-form-item css-dev-only-do-not-override-mncuj7 ant-form-item-vertical"
              >
                <div
                  class="ant-row ant-form-item-row css-dev-only-do-not-override-mncuj7"
                >
                  <div
                    class="ant-col ant-form-item-label css-dev-only-do-not-override-mncuj7"
                  >
                    <label
                      class="ant-form-item-required"
                      for="basic_username"
                      title="Username"
                    >
                      Username
                    </label>
                  </div>
                  <div
                    class="ant-col ant-form-item-control css-dev-only-do-not-override-mncuj7"
                  >
                    <div
                      class="ant-form-item-control-input"
                    >
                      <div
                        class="ant-form-item-control-input-content"
                      >
                        <input
                          aria-required="true"
                          class="ant-input css-dev-only-do-not-override-mncuj7 ant-input-outlined"
                          id="basic_username"
                          type="text"
                          value=""
                        />
                      </div>
                    </div>
                  </div>
                </div>
              </div>
              <div
                class="ant-form-item css-dev-only-do-not-override-mncuj7 ant-form-item-vertical"
              >
                <div
                  class="ant-row ant-form-item-row css-dev-only-do-not-override-mncuj7"
                >
                  <div
                    class="ant-col ant-form-item-control css-dev-only-do-not-override-mncuj7"
                  >
                    <div
                      class="ant-form-item-control-input"
                    >
                      <div
                        class="ant-form-item-control-input-content"
                      >
                        <button
                          class="ant-btn css-dev-only-do-not-override-mncuj7 ant-btn-primary ant-btn-color-primary ant-btn-variant-solid _loginButton_7d645a"
                          type="submit"
                        >
                          <span>
                            Submit
                          </span>
                        </button>
                      </div>
                    </div>
                  </div>
                </div>
              </div>
            </form>
          </div>
        </div>
      </section>
    </div>
  </main>
</div>
`;
