// Vitest Snapshot v1, https://vitest.dev/guide/snapshot.html

exports[`LoginFormDesktop > matches snapshot 1`] = `
<div>
  <main
    class="mx-auto flex min-h-screen max-w-4xl flex-col gap-3xl bg-ground px-2xl py-xl text-ink"
  >
    <header
      class="border-b border-rule pb-md"
    >
      <a
        class="flex items-center gap-sm no-underline focus-visible:outline-2 focus-visible:outline-offset-2 focus-visible:outline-accent"
        href="/"
      >
        <img
          alt="BeerBuddy logo"
          class="size-lg"
          src="/teku.svg"
        />
        <h1
          class="m-0 font-display text-lg tracking-[-0.02em] text-ink"
        >
          BeerBuddy
        </h1>
      </a>
    </header>
    <div
      class="grid grid-cols-2 items-center gap-3xl"
    >
      <section
        class="flex flex-col gap-md"
      >
        <h2
          class="m-0 font-display text-2xl leading-tight tracking-[-0.02em] text-ink"
        >
          Taste, rate, repeat — the craft beer journey
        </h2>
        <p
          class="m-0 max-w-[46ch] text-base text-ink-dim"
        >
          Join the BeerBuddy community to unlock exclusive features and be part of a global craft beer conversation.
        </p>
      </section>
      <section
        aria-label="Login form"
        class="border border-rule p-lg"
      >
        <h1
          class="m-0 mb-lg font-display text-lg text-ink"
        >
          Log in
        </h1>
        <form
          autocomplete="off"
          class="flex flex-col gap-lg"
        >
          <div
            class="flex flex-col gap-xs"
          >
            <label
              class="text-xs tracking-[0.1em] text-ink-mute uppercase"
              for="username-desktop"
            >
              Username
            </label>
            <input
              class="h-xl w-full min-w-0 rounded-none border-0 border-b border-rule-strong bg-transparent px-0 py-sm font-sans text-base text-ink transition-colors placeholder:text-ink-mute outline-none focus-visible:border-accent disabled:pointer-events-none disabled:opacity-50 aria-invalid:border-accent aria-invalid:border-b-2"
              data-slot="input"
              id="username-desktop"
              name="username"
              required=""
            />
          </div>
          <button
            class="inline-flex shrink-0 cursor-pointer items-center justify-center gap-sm rounded-none font-sans whitespace-nowrap transition-colors outline-none focus-visible:outline-2 focus-visible:outline-offset-2 focus-visible:outline-accent disabled:pointer-events-none disabled:opacity-50 [&_svg]:pointer-events-none [&_svg]:shrink-0 bg-accent text-ground hover:bg-ink h-xl px-md text-base self-start"
            data-slot="button"
            type="submit"
          >
            Submit
          </button>
        </form>
      </section>
    </div>
  </main>
</div>
`;
